../Core/Src/main.c:101:6:pid_config	8	static
../Core/Src/main.c:134:5:main	8	static
../Core/Src/main.c:244:6:SystemClock_Config	88	static
../Core/Src/main.c:291:13:MX_SPI3_Init	8	static
../Core/Src/main.c:329:13:MX_TIM1_Init	56	static
../Core/Src/main.c:379:13:MX_TIM3_Init	56	static
../Core/Src/main.c:428:13:MX_TIM4_Init	56	static
../Core/Src/main.c:477:13:MX_TIM5_Init	64	static
../Core/Src/main.c:540:13:MX_TIM9_Init	56	static
../Core/Src/main.c:592:13:MX_GPIO_Init	56	static
../Core/Src/main.c:631:6:Moving	32	static
../Core/Src/main.c:644:6:Hand	16	static
../Core/Src/main.c:655:6:Calculate_angle	32	static
../Core/Src/main.c:664:6:Caculate_Vd	48	static
../Core/Src/main.c:685:6:StartControl	40	static
../Core/Src/main.c:718:6:StartPID	16	static
../Core/Src/main.c:739:6:HAL_TIM_PeriodElapsedCallback	16	static
../Core/Src/main.c:756:6:Error_Handler	4	static,ignoring_inline_asm
